Release 14.7 - xst P.20131013 (lin64)
Copyright (c) 1995-2013 Xilinx, Inc.  All rights reserved.
--> 
Parameter TMPDIR set to xst/projnav.tmp


Total REAL time to Xst completion: 0.00 secs
Total CPU time to Xst completion: 0.07 secs
 
--> 
Parameter xsthdpdir set to xst


Total REAL time to Xst completion: 0.00 secs
Total CPU time to Xst completion: 0.07 secs
 
--> 
Reading design: digi_clk.prj

TABLE OF CONTENTS
  1) Synthesis Options Summary
  2) HDL Compilation
  3) Design Hierarchy Analysis
  4) HDL Analysis
  5) HDL Synthesis
     5.1) HDL Synthesis Report
  6) Advanced HDL Synthesis
     6.1) Advanced HDL Synthesis Report
  7) Low Level Synthesis
  8) Partition Report
  9) Final Report
	9.1) Device utilization summary
	9.2) Partition Resource Summary
	9.3) TIMING REPORT


=========================================================================
*                      Synthesis Options Summary                        *
=========================================================================
---- Source Parameters
Input File Name                    : "digi_clk.prj"
Input Format                       : mixed
Ignore Synthesis Constraint File   : NO

---- Target Parameters
Output File Name                   : "digi_clk"
Output Format                      : NGC
Target Device                      : xc3s500e-4-vq100

---- Source Options
Top Module Name                    : digi_clk
Automatic FSM Extraction           : YES
FSM Encoding Algorithm             : Auto
Safe Implementation                : No
FSM Style                          : LUT
RAM Extraction                     : Yes
RAM Style                          : Auto
ROM Extraction                     : Yes
Mux Style                          : Auto
Decoder Extraction                 : YES
Priority Encoder Extraction        : Yes
Shift Register Extraction          : YES
Logical Shifter Extraction         : YES
XOR Collapsing                     : YES
ROM Style                          : Auto
Mux Extraction                     : Yes
Resource Sharing                   : YES
Asynchronous To Synchronous        : NO
Multiplier Style                   : Auto
Automatic Register Balancing       : No

---- Target Options
Add IO Buffers                     : YES
Global Maximum Fanout              : 100000
Add Generic Clock Buffer(BUFG)     : 24
Register Duplication               : YES
Slice Packing                      : YES
Optimize Instantiated Primitives   : NO
Use Clock Enable                   : Yes
Use Synchronous Set                : Yes
Use Synchronous Reset              : Yes
Pack IO Registers into IOBs        : Auto
Equivalent register Removal        : YES

---- General Options
Optimization Goal                  : Speed
Optimization Effort                : 1
Keep Hierarchy                     : No
Netlist Hierarchy                  : As_Optimized
RTL Output                         : Yes
Global Optimization                : AllClockNets
Read Cores                         : YES
Write Timing Constraints           : NO
Cross Clock Analysis               : NO
Hierarchy Separator                : /
Bus Delimiter                      : <>
Case Specifier                     : Maintain
Slice Utilization Ratio            : 100
BRAM Utilization Ratio             : 100
Verilog 2001                       : YES
Auto BRAM Packing                  : NO
Slice Utilization Ratio Delta      : 5

=========================================================================


=========================================================================
*                          HDL Compilation                              *
=========================================================================
Compiling vhdl file "/home/almu/VHDL-Binary-Clock/Reloj.vhd" in Library work.
Architecture behavioral of Entity digi_clk is up to date.

=========================================================================
*                     Design Hierarchy Analysis                         *
=========================================================================
Analyzing hierarchy for entity <digi_clk> in library <work> (architecture <behavioral>).


=========================================================================
*                            HDL Analysis                               *
=========================================================================
Analyzing Entity <digi_clk> in library <work> (Architecture <behavioral>).
WARNING:Xst:819 - "/home/almu/VHDL-Binary-Clock/Reloj.vhd" line 97: One or more signals are missing in the process sensitivity list. To enable synthesis of FPGA/CPLD hardware, XST will assume that all necessary signals are present in the sensitivity list. Please note that the result of the synthesis may differ from the initial design specification. The missing signals are:
   <set_hour>, <hour>, <set_minutes>, <min>
Entity <digi_clk> analyzed. Unit <digi_clk> generated.


=========================================================================
*                           HDL Synthesis                               *
=========================================================================

Performing bidirectional port resolution...

Synthesizing Unit <digi_clk>.
    Related source file is "/home/almu/VHDL-Binary-Clock/Reloj.vhd".
    Using one-hot encoding for signal <state>.
    Found 1-bit register for signal <clk>.
    Found 32-bit up counter for signal <count>.
    Found 6-bit up counter for signal <hour>.
    Found 6-bit up counter for signal <min>.
    Found 6-bit adder for signal <mux0000$addsub0000> created at line 117.
    Found 6-bit comparator less for signal <mux0000$cmp_lt0000> created at line 117.
    Found 6-bit adder for signal <mux0001$addsub0000> created at line 122.
    Found 6-bit comparator less for signal <mux0001$cmp_lt0000> created at line 122.
    Found 6-bit up counter for signal <sec>.
    Found 4-bit register for signal <state>.
    Summary:
	inferred   4 Counter(s).
	inferred   5 D-type flip-flop(s).
	inferred   2 Adder/Subtractor(s).
	inferred   2 Comparator(s).
Unit <digi_clk> synthesized.


=========================================================================
HDL Synthesis Report

Macro Statistics
# Adders/Subtractors                                   : 2
 6-bit adder                                           : 2
# Counters                                             : 4
 32-bit up counter                                     : 1
 6-bit up counter                                      : 3
# Registers                                            : 2
 1-bit register                                        : 1
 4-bit register                                        : 1
# Comparators                                          : 2
 6-bit comparator less                                 : 2

=========================================================================

=========================================================================
*                       Advanced HDL Synthesis                          *
=========================================================================


=========================================================================
Advanced HDL Synthesis Report

Macro Statistics
# Adders/Subtractors                                   : 2
 6-bit adder                                           : 2
# Counters                                             : 4
 32-bit up counter                                     : 1
 6-bit up counter                                      : 3
# Registers                                            : 5
 Flip-Flops                                            : 5
# Comparators                                          : 2
 6-bit comparator less                                 : 2

=========================================================================

=========================================================================
*                         Low Level Synthesis                           *
=========================================================================

Optimizing unit <digi_clk> ...

Mapping all equations...
Building and optimizing final netlist ...
Found area constraint ratio of 100 (+ 5) on block digi_clk, actual ratio is 1.

Final Macro Processing ...

=========================================================================
Final Register Report

Macro Statistics
# Registers                                            : 55
 Flip-Flops                                            : 55

=========================================================================

=========================================================================
*                           Partition Report                            *
=========================================================================

Partition Implementation Status
-------------------------------

  No Partitions were found in this design.

-------------------------------

=========================================================================
*                            Final Report                               *
=========================================================================
Final Results
RTL Top Level Output File Name     : digi_clk.ngr
Top Level Output File Name         : digi_clk
Output Format                      : NGC
Optimization Goal                  : Speed
Keep Hierarchy                     : No

Design Statistics
# IOs                              : 20

Cell Usage :
# BELS                             : 184
#      GND                         : 1
#      INV                         : 3
#      LUT1                        : 31
#      LUT2                        : 7
#      LUT3                        : 17
#      LUT3_D                      : 1
#      LUT3_L                      : 1
#      LUT4                        : 48
#      LUT4_D                      : 3
#      MUXCY                       : 39
#      VCC                         : 1
#      XORCY                       : 32
# FlipFlops/Latches                : 55
#      FD                          : 4
#      FDCPE                       : 12
#      FDE                         : 1
#      FDR                         : 31
#      FDRE                        : 6
#      FDS                         : 1
# Clock Buffers                    : 2
#      BUFG                        : 1
#      BUFGP                       : 1
# IO Buffers                       : 19
#      IBUF                        : 3
#      OBUF                        : 16
=========================================================================

Device utilization summary:
---------------------------

Selected Device : 3s500evq100-4 

 Number of Slices:                       58  out of   4656     1%  
 Number of Slice Flip Flops:             55  out of   9312     0%  
 Number of 4 input LUTs:                111  out of   9312     1%  
 Number of IOs:                          20
 Number of bonded IOBs:                  20  out of     66    30%  
 Number of GCLKs:                         2  out of     24     8%  

---------------------------
Partition Resource Summary:
---------------------------

  No Partitions were found in this design.

---------------------------


=========================================================================
TIMING REPORT

NOTE: THESE TIMING NUMBERS ARE ONLY A SYNTHESIS ESTIMATE.
      FOR ACCURATE TIMING INFORMATION PLEASE REFER TO THE TRACE REPORT
      GENERATED AFTER PLACE-and-ROUTE.

Clock Information:
------------------
-----------------------------------+------------------------+-------+
Clock Signal                       | Clock buffer(FF name)  | Load  |
-----------------------------------+------------------------+-------+
clk1                               | BUFGP                  | 33    |
clk2                               | BUFG                   | 22    |
-----------------------------------+------------------------+-------+

Asynchronous Control Signals Information:
----------------------------------------
-----------------------------------+------------------------+-------+
Control Signal                     | Buffer(FF name)        | Load  |
-----------------------------------+------------------------+-------+
N0(XST_GND:G)                      | NONE(hour_5)           | 1     |
hour_0__and0000(hour_0__and00001:O)| NONE(hour_0)           | 1     |
hour_0__and0001(hour_0__and00011:O)| NONE(hour_0)           | 1     |
hour_1__and0000(hour_1__and00001:O)| NONE(hour_1)           | 1     |
hour_1__and0001(hour_1__and00011:O)| NONE(hour_1)           | 1     |
hour_2__and0000(hour_2__and00001:O)| NONE(hour_2)           | 1     |
hour_2__and0001(hour_2__and00011:O)| NONE(hour_2)           | 1     |
hour_3__and0000(hour_3__and00001:O)| NONE(hour_3)           | 1     |
hour_3__and0001(hour_3__and00011:O)| NONE(hour_3)           | 1     |
hour_4__and0000(hour_4__and00001:O)| NONE(hour_4)           | 1     |
hour_4__and0001(hour_4__and00011:O)| NONE(hour_4)           | 1     |
hour_and0000(hour_and00001:O)      | NONE(hour_5)           | 1     |
min_0__and0000(min_0__and00001:O)  | NONE(min_0)            | 1     |
min_0__and0001(min_0__and00011:O)  | NONE(min_0)            | 1     |
min_1__and0000(min_1__and00001:O)  | NONE(min_1)            | 1     |
min_1__and0001(min_1__and00011:O)  | NONE(min_1)            | 1     |
min_2__and0000(min_2__and00001:O)  | NONE(min_2)            | 1     |
min_2__and0001(min_2__and00011:O)  | NONE(min_2)            | 1     |
min_3__and0000(min_3__and00001:O)  | NONE(min_3)            | 1     |
min_3__and0001(min_3__and00011:O)  | NONE(min_3)            | 1     |
min_4__and0000(min_4__and00001:O)  | NONE(min_4)            | 1     |
min_4__and0001(min_4__and00011:O)  | NONE(min_4)            | 1     |
min_5__and0000(min_5__and00001:O)  | NONE(min_5)            | 1     |
min_5__and0001(min_5__and00011:O)  | NONE(min_5)            | 1     |
-----------------------------------+------------------------+-------+

Timing Summary:
---------------
Speed Grade: -4

   Minimum period: 7.138ns (Maximum Frequency: 140.095MHz)
   Minimum input arrival time before clock: 7.760ns
   Maximum output required time after clock: 4.846ns
   Maximum combinational path delay: No path found

Timing Detail:
--------------
All values displayed in nanoseconds (ns)

=========================================================================
Timing constraint: Default period analysis for Clock 'clk1'
  Clock period: 5.240ns (frequency: 190.857MHz)
  Total number of paths / destination ports: 1585 / 66
-------------------------------------------------------------------------
Delay:               5.240ns (Levels of Logic = 9)
  Source:            count_8 (FF)
  Destination:       count_0 (FF)
  Source Clock:      clk1 rising
  Destination Clock: clk1 rising

  Data Path: count_8 to count_0
                                Gate     Net
    Cell:in->out      fanout   Delay   Delay  Logical Name (Net Name)
    ----------------------------------------  ------------
     FDR:C->Q              2   0.591   0.622  count_8 (count_8)
     LUT4:I0->O            1   0.704   0.000  count_cmp_eq0000_wg_lut<0> (count_cmp_eq0000_wg_lut<0>)
     MUXCY:S->O            1   0.464   0.000  count_cmp_eq0000_wg_cy<0> (count_cmp_eq0000_wg_cy<0>)
     MUXCY:CI->O           1   0.059   0.000  count_cmp_eq0000_wg_cy<1> (count_cmp_eq0000_wg_cy<1>)
     MUXCY:CI->O           1   0.059   0.000  count_cmp_eq0000_wg_cy<2> (count_cmp_eq0000_wg_cy<2>)
     MUXCY:CI->O           1   0.059   0.000  count_cmp_eq0000_wg_cy<3> (count_cmp_eq0000_wg_cy<3>)
     MUXCY:CI->O           1   0.059   0.000  count_cmp_eq0000_wg_cy<4> (count_cmp_eq0000_wg_cy<4>)
     MUXCY:CI->O           1   0.059   0.000  count_cmp_eq0000_wg_cy<5> (count_cmp_eq0000_wg_cy<5>)
     MUXCY:CI->O           1   0.059   0.000  count_cmp_eq0000_wg_cy<6> (count_cmp_eq0000_wg_cy<6>)
     MUXCY:CI->O          33   0.331   1.263  count_cmp_eq0000_wg_cy<7> (count_cmp_eq0000)
     FDS:S                     0.911          count_0
    ----------------------------------------
    Total                      5.240ns (3.355ns logic, 1.885ns route)
                                       (64.0% logic, 36.0% route)

=========================================================================
Timing constraint: Default period analysis for Clock 'clk2'
  Clock period: 7.138ns (frequency: 140.095MHz)
  Total number of paths / destination ports: 414 / 46
-------------------------------------------------------------------------
Delay:               7.138ns (Levels of Logic = 4)
  Source:            state_1 (FF)
  Destination:       hour_0 (FF)
  Source Clock:      clk2 rising
  Destination Clock: clk2 rising

  Data Path: state_1 to hour_0
                                Gate     Net
    Cell:in->out      fanout   Delay   Delay  Logical Name (Net Name)
    ----------------------------------------  ------------
     FD:C->Q              13   0.591   1.062  state_1 (state_1)
     LUT2:I1->O            7   0.704   0.712  hour_and00001 (hour_and0000)
     LUT4:I3->O           11   0.704   0.937  hour_Q_mux0000<0>11 (N5)
     LUT4_D:I3->O          5   0.704   0.712  hour_Q_mux0000<0>127 (N01)
     LUT2:I1->O            1   0.704   0.000  hour_Q_mux0000<0>2 (hour_Q_mux0000<0>)
     FDCPE:D                   0.308          hour_0
    ----------------------------------------
    Total                      7.138ns (3.715ns logic, 3.423ns route)
                                       (52.0% logic, 48.0% route)

=========================================================================
Timing constraint: Default OFFSET IN BEFORE for Clock 'clk2'
  Total number of paths / destination ports: 56 / 28
-------------------------------------------------------------------------
Offset:              7.760ns (Levels of Logic = 5)
  Source:            set_hour (PAD)
  Destination:       hour_0 (FF)
  Destination Clock: clk2 rising

  Data Path: set_hour to hour_0
                                Gate     Net
    Cell:in->out      fanout   Delay   Delay  Logical Name (Net Name)
    ----------------------------------------  ------------
     IBUF:I->O            10   1.218   1.057  set_hour_IBUF (set_hour_IBUF)
     LUT2:I0->O            7   0.704   0.712  hour_and00001 (hour_and0000)
     LUT4:I3->O           11   0.704   0.937  hour_Q_mux0000<0>11 (N5)
     LUT4_D:I3->O          5   0.704   0.712  hour_Q_mux0000<0>127 (N01)
     LUT2:I1->O            1   0.704   0.000  hour_Q_mux0000<0>2 (hour_Q_mux0000<0>)
     FDCPE:D                   0.308          hour_0
    ----------------------------------------
    Total                      7.760ns (4.342ns logic, 3.418ns route)
                                       (56.0% logic, 44.0% route)

=========================================================================
Timing constraint: Default OFFSET OUT AFTER for Clock 'clk2'
  Total number of paths / destination ports: 16 / 16
-------------------------------------------------------------------------
Offset:              4.846ns (Levels of Logic = 1)
  Source:            min_0 (FF)
  Destination:       minutes<0> (PAD)
  Source Clock:      clk2 rising

  Data Path: min_0 to minutes<0>
                                Gate     Net
    Cell:in->out      fanout   Delay   Delay  Logical Name (Net Name)
    ----------------------------------------  ------------
     FDCPE:C->Q           13   0.591   0.983  min_0 (min_0)
     OBUF:I->O                 3.272          minutes_0_OBUF (minutes<0>)
    ----------------------------------------
    Total                      4.846ns (3.863ns logic, 0.983ns route)
                                       (79.7% logic, 20.3% route)

=========================================================================


Total REAL time to Xst completion: 6.00 secs
Total CPU time to Xst completion: 6.41 secs
 
--> 


Total memory usage is 514800 kilobytes

Number of errors   :    0 (   0 filtered)
Number of warnings :    1 (   0 filtered)
Number of infos    :    0 (   0 filtered)

